// Jest Snapshot v1, https://goo.gl/fbAQLP

exports[`renders correctly 1`] = `
<img
  alt="logo"
  className="BigPicture-sc-1ow2bxe-0 hhGULa"
  src="/static/logo.png"
/>
`;
