// Jest Snapshot v1, https://goo.gl/fbAQLP

exports[`renders correctly 1`] = `
<button
  className="Button-sc-1s1lqr2-0 glFvdN"
>
  Test Button
</button>
`;
