// Jest Snapshot v1, https://goo.gl/fbAQLP

exports[`renders correctly 1`] = `
<div
  className="Content-la2lo5-0 rRUeV"
>
  Test Content
</div>
`;
