// Jest Snapshot v1, https://goo.gl/fbAQLP

exports[`renders correctly 1`] = `
<img
  className="MLIcon-sc-15up6hb-0 jMMdVK"
  src="/static/logo.png"
/>
`;
