// Jest Snapshot v1, https://goo.gl/fbAQLP

exports[`renders correctly 1`] = `
<input
  className="TextField-ngvdtw-0 iNMyxv"
/>
`;
